// Jest Snapshot v1, https://goo.gl/fbAQLP

exports[`should render NotFoundPage corectly 1`] = `
<div>
  404! - 
  <Link
    replace={false}
    to="/"
  >
    GoHome
  </Link>
</div>
`;
